<!DOCTYPE html>
<html>
<head><meta charset="utf-8"></head>
<body style="font-family:sans-serif;max-width:600px;margin:0 auto;padding:24px">
<p>Hello <strong>Carol Empty</strong>,</p>
<p>Your Confero weekly digest for the week starting <strong>14 Sep 2026</strong>:</p>

<p>No upcoming deadlines this week.</p>

<p style="color:#666;font-size:0.85em">- Confero</p>
</body>
</html>
